DEL,90006103,XSZZXK KIM,CL1,010-5899-3939,20010307,ADV
DEL,92000576,RTGTUZ KIM,CL4,010-2956-0057,20040721,PRO
DEL,92008675,JXSVWJ KIM,CL4,010-1075-8883,19841224,ADV
DEL,95003063,MTFWZW FTO,CL3,010-0150-7385,19860921,EX
DEL,04009930,DLVIVP KIM,CL3,010-3329-6264,19780905,PRO
DEL,95001593,VBVFEC ENM,CL4,010-2116-6687,20040127,PRO
DEL,95004504,NZSAAF PFV,CL3,010-2116-9366,19770405,PRO
DEL,01005182,JALFTA IHU,CL1,010-2116-0082,20000219,ADV
DEL,04001821,RSYGFH GPD,CL2,010-2116-8057,20010727,PRO
DEL,08007958,UNRRIU SLJ,CL4,010-2116-6023,19980207,EX
DEL,92001857,ILYCOG BEC,CL2,010-6332-3761,20151020,ADV
DEL,92005800,WHRUXG MFO,CL1,010-9067-3761,20080714,PRO
DEL,92006551,OSHCCM ENN,CL3,010-7160-3761,19780309,EX
DEL,92008470,ARQGAP HKX,CL1,010-7770-3761,19750520,PRO
DEL,95004472,WVPEOV DUL,CL3,010-3605-3761,19960219,PRO
DEL,90000053,PRCBZH XXE,CL2,010-2746-9204,19910909,ADV
DEL,90000711,BJPYCK MDA,CL2,010-1743-1341,19910421,ADV
DEL,90001329,ZCXHYT IWR,CL2,010-3518-2421,19911008,EX
DEL,90001429,GPFGQF PSN,CL2,010-0029-6234,19911016,ADV
DEL,90001508,IAWPLA NBN,CL2,010-8559-7943,19910328,EX
DEL,90000026,UKQPIV MGF,CL1,010-1475-4996,19750515,PRO
DEL,90000076,FDSPXT TJG,CL1,010-9918-9933,20140504,EX
DEL,90000090,RDVQHY JJW,CL1,010-9546-5033,20180521,PRO
DEL,90000166,XACYNM NJB,CL1,010-8908-2413,19820506,PRO
DEL,90000223,NLAJHM LPE,CL1,010-4896-7591,20050502,PRO
DEL,90000132,NWRATR TXG,CL3,010-0091-0607,19921015,PRO
DEL,90000133,RBYGFU QZI,CL3,010-3925-2552,20190615,PRO
DEL,90000177,EDFDOA NCV,CL3,010-8949-4804,20070415,ADV
DEL,90000464,GXPPCA NRS,CL3,010-7024-5207,20190715,ADV
DEL,90000490,EOLKXP CTT,CL3,010-7489-0523,19950515,PRO
DEL,90000001,EUGOLQ ZAH,CL3,010-6047-7840,20061016,EX
DEL,90000006,SDUGME ALQ,CL2,010-9002-4955,19760711,EX
DEL,90000007,EZHYSW GHG,CL2,010-8703-1789,19970112,EX
DEL,90000015,TERSJY WHR,CL4,010-1972-3784,20160719,EX
DEL,90000016,WTLFQD AZK,CL3,010-5182-6126,20180328,EX
