SCH,90000029,RVYZGH USC,CL2,010-9048-1897,20181027,EX
SCH,90000090,RDVQHY JJW,CL1,010-9546-5033,20180521,PRO
SCH,90000110,CLGYUA KHU,CL3,010-7869-4474,20171104,PRO
SCH,90000112,QOUBHJ XPN,CL2,010-9416-6147,20171121,ADV
SCH,90000438,JTNKIH UXM,CL2,010-7939-7646,20190810,ADV
SCH,90000007,EZHYSW GHG,CL2,010-8703-1789,19970112,EX
SCH,90000009,FKMNKA XPD,CL2,010-1586-1688,20060112,PRO
SCH,90000012,DYXMLM DJE,CL1,010-0070-2148,19790228,ADV
SCH,90000014,LVACFQ MMR,CL2,010-1456-1370,19770719,PRO
SCH,90000025,RNNTJF KVI,CL4,010-6824-0327,20060212,ADV
SCH,90000015,TERSJY WHR,CL4,010-1972-3784,20160719,EX
SCH,90000016,WTLFQD AZK,CL3,010-5182-6126,20180328,EX
SCH,90000029,RVYZGH USC,CL2,010-9048-1897,20181027,EX
SCH,90000033,BDUGKS OGU,CL1,010-6113-8174,20191219,EX
SCH,90000065,ISZTUW KEQ,CL2,010-0710-6056,20190803,EX
